NadpisaniePisanie
